// Jest Snapshot v1, https://goo.gl/fbAQLP

exports[`matches snapshot 1`] = `
<div
  className="shade-display-item"
  data-testid="shape-display"
>
  <div
    className="color-well oval blue"
  />
</div>
`;
